{
  "exclude": {
    "files": "^.secrets.baseline$",
    "lines": null
  },
  "generated_at": "2026-02-24T16:20:06Z",
  "plugins_used": [
    {
      "name": "AWSKeyDetector"
    },
    {
      "name": "ArtifactoryDetector"
    },
    {
      "name": "AzureStorageKeyDetector"
    },
    {
      "base64_limit": 4.5,
      "name": "Base64HighEntropyString"
    },
    {
      "name": "BasicAuthDetector"
    },
    {
      "name": "BoxDetector"
    },
    {
      "name": "CloudantDetector"
    },
    {
      "ghe_instance": "github.ibm.com",
      "name": "GheDetector"
    },
    {
      "name": "GitHubTokenDetector"
    },
    {
      "hex_limit": 3,
      "name": "HexHighEntropyString"
    },
    {
      "name": "IbmCloudIamDetector"
    },
    {
      "name": "IbmCosHmacDetector"
    },
    {
      "name": "JwtTokenDetector"
    },
    {
      "keyword_exclude": null,
      "name": "KeywordDetector"
    },
    {
      "name": "MailchimpDetector"
    },
    {
      "name": "NpmDetector"
    },
    {
      "name": "PrivateKeyDetector"
    },
    {
      "name": "SlackDetector"
    },
    {
      "name": "SoftlayerDetector"
    },
    {
      "name": "SquareOAuthDetector"
    },
    {
      "name": "StripeDetector"
    },
    {
      "name": "TwilioKeyDetector"
    }
  ],
  "results": {
    "CONFIGURATION.md": [
      {
        "hashed_secret": "ec3810e10fb78db55ce38b9c18d1c3eb1db739e0",
        "is_secret": false,
        "is_verified": false,
        "line_number": 9,
        "type": "Secret Keyword",
        "verified_result": null
      },
      {
        "hashed_secret": "1ed5b7962b3d8356ccb9f4ccbbb0f17e5fc39724",
        "is_secret": false,
        "is_verified": false,
        "line_number": 18,
        "type": "Secret Keyword",
        "verified_result": null
      }
    ],
    "README.md": [
      {
        "hashed_secret": "ec3810e10fb78db55ce38b9c18d1c3eb1db739e0",
        "is_secret": false,
        "is_verified": false,
        "line_number": 36,
        "type": "Secret Keyword",
        "verified_result": null
      }
    ],
    "README_extract_trajectories.md": [
      {
        "hashed_secret": "48ae8db8c64fbf47ec3f8eec6f31f3a5b88594d2",
        "is_secret": false,
        "is_verified": false,
        "line_number": 93,
        "type": "Hex High Entropy String",
        "verified_result": null
      },
      {
        "hashed_secret": "c4f1b0e724abd250d38f29d90b68c3f832ccb6a6",
        "is_secret": false,
        "is_verified": false,
        "line_number": 94,
        "type": "Hex High Entropy String",
        "verified_result": null
      }
    ],
    "README_phoenix_sync.md": [
      {
        "hashed_secret": "ec3810e10fb78db55ce38b9c18d1c3eb1db739e0",
        "is_secret": false,
        "is_verified": false,
        "line_number": 200,
        "type": "Secret Keyword",
        "verified_result": null
      }
    ],
    "explorations/claudecode/README.md": [
      {
        "hashed_secret": "c7a8c334eef5d1749fface7d42c66f9ae5e8cf36",
        "is_secret": false,
        "is_verified": false,
        "line_number": 23,
        "type": "Secret Keyword",
        "verified_result": null
      }
    ],
    "explorations/claudecode/litellm-config.yaml": [
      {
        "hashed_secret": "0fee51f744d7f029ee88e166afe19ae2cb5e27a0",
        "is_secret": false,
        "is_verified": false,
        "line_number": 5,
        "type": "Secret Keyword",
        "verified_result": null
      }
    ],
    "sandbox/sample.env": [
      {
        "hashed_secret": "b792a28a35da9b44fa0ee8a53002e9c238afb1bd",
        "is_secret": false,
        "is_verified": false,
        "line_number": 1,
        "type": "Secret Keyword",
        "verified_result": null
      }
    ],
    "tests/data/trajectory.json": [
      {
        "hashed_secret": "88de85ead2ab26f647127036827ee7746fcd7514",
        "is_secret": false,
        "is_verified": false,
        "line_number": 32,
        "type": "Base64 High Entropy String",
        "verified_result": null
      },
      {
        "hashed_secret": "151f4b84f08887274c2b49338a045cf002c5ee19",
        "is_secret": false,
        "is_verified": false,
        "line_number": 64,
        "type": "Base64 High Entropy String",
        "verified_result": null
      },
      {
        "hashed_secret": "1a8eb3cca08745499b8da9b72a16bfcccd1b6254",
        "is_secret": false,
        "is_verified": false,
        "line_number": 96,
        "type": "Base64 High Entropy String",
        "verified_result": null
      },
      {
        "hashed_secret": "bfa3f382dab594898cf6f18765449aa99f705b91",
        "is_secret": false,
        "is_verified": false,
        "line_number": 128,
        "type": "Base64 High Entropy String",
        "verified_result": null
      }
    ],
    "tests/unit/test_extract_trajectories.py": [
      {
        "hashed_secret": "90bd1b48e958257948487b90bee080ba5ed00caa",
        "is_secret": false,
        "is_verified": false,
        "line_number": 408,
        "type": "Hex High Entropy String",
        "verified_result": null
      }
    ]
  },
  "version": "0.13.1+ibm.64.dss",
  "word_list": {
    "file": null,
    "hash": null
  }
}
